// Jest Snapshot v1, https://goo.gl/fbAQLP

exports[`test PriceList Compoent should render the component to match snapshot 1`] = `ShallowWrapper {}`;
